// Vitest Snapshot v1, https://vitest.dev/guide/snapshot.html

exports[`lineCubicBezierIntersection > cubic bézier > should find intersections in a simple case 1`] = `
[
  [
    0.7618019930204666,
    1.023603986040933,
  ],
  [
    0.49848113110444375,
    0.49696226220888706,
  ],
  [
    0.2902834858334786,
    0.0805669716669567,
  ],
]
`;

exports[`lineCubicBezierIntersection > quadratic bézier > should find intersections in a simple case 1`] = `
[
  [
    0.332454228676841,
    0.16490845735368187,
  ],
  [
    0.7487897027623441,
    0.9975794055246887,
  ],
]
`;
